[www.microsoft.com/ar-sa/software-download/windows10.html]
[ajax.aspnetcdn.com/ajax/jQuery/jquery-1.9.1.min.js]
[backblue.gif]
[fade.gif]
[index.html]
[az725175.vo.msecnd.net/scripts/jsll-4.js]
[statics-marketingsites-wcus-ms-com.akamaized.net/statics/override4abb.css]
[www.microsoft.com/ar-sa/software-download/office.html]
[www.microsoft.com/ar-sa/software-download/windows8.html]
[www.microsoft.com/ar-sa/software-download/windows7.html]
[www.microsoft.com/ar-sa/software-download/faq.html]
[c.s-microsoft.com/ar-sa/CMSImages/windows10-laptop81c7.png]
[www.microsoft.com/ar-sa/software-download/windows10b0bc.html]
[www.microsoft.com/ar-sa/software-download/windows1036bf.html]
[www.microsoft.com/ar-sa/software-download/windows10157c.html]
[www.microsoft.com/ar-sa/software-download/windows10a8e5.html]
[www.microsoft.com/ar-sa/software-download/windows10d27f.html]
[www.microsoft.com/ar-sa/software-download/vlacademicwindows10.html]
[www.microsoft.com/ar-sa/software-download/windows10db3c.html]
[www.microsoft.com/ar-sa/software-download/windows10.html]
[statics-marketingsites-wcus-ms-com.akamaized.net/statics/override4abb.css]
[www.microsoft.com/ar-sa/software-download/locale.html]
[www.microsoft.com/ar-sa/software-download/officedb3c.html]
[c.s-microsoft.com/ar-sa/CMSImages/officedb04.jpg]
[c.s-microsoft.com/ar-sa/CMSImages/Loading8344.gif]
[www.microsoft.com/ar-sa/software-download/office.html]
[c.s-microsoft.com/ar-sa/CMSImages/windows8-laptopbe12.png]
[www.microsoft.com/ar-sa/software-download/windows8.html]
[www.microsoft.com/ar-sa/software-download/windows7db3c.html]
[c.s-microsoft.com/ar-sa/CMSImages/windows7-laptopcb1c.png]
[www.microsoft.com/ar-sa/software-download/windows7.html]
[www.microsoft.com/ar-sa/software-download/faq7eaa.html]
[www.microsoft.com/ar-sa/software-download/faqf356.html]
[www.microsoft.com/ar-sa/software-download/faq4881.html]
[www.microsoft.com/ar-sa/software-download/faq14cf.html]
[www.microsoft.com/ar-sa/software-download/faq2b73.html]
[www.microsoft.com/ar-sa/software-download/faq441b.html]
[www.microsoft.com/ar-sa/software-download/faq2ed4.html]
[www.microsoft.com/ar-sa/software-download/faqf206.html]
[www.microsoft.com/ar-sa/software-download/faq7c12.html]
[www.microsoft.com/ar-sa/software-download/faqf5df.html]
[www.microsoft.com/ar-sa/software-download/faq84b8.html]
[www.microsoft.com/ar-sa/software-download/faq4c47.html]
[www.microsoft.com/ar-sa/software-download/faq3572.html]
[www.microsoft.com/ar-sa/software-download/windows10ISO.html]
[www.microsoft.com/ar-sa/software-download/windows8ISO.html]
[www.microsoft.com/ar-sa/software-download/faqb66b.html]
[www.microsoft.com/ar-sa/software-download/faqcfba.html]
[www.microsoft.com/ar-sa/software-download/faq17a8.html]
[www.microsoft.com/ar-sa/software-download/faq230f.html]
[www.microsoft.com/ar-sa/software-download/faq30a6.html]
[www.microsoft.com/ar-sa/software-download/faqcca2.html]
[www.microsoft.com/ar-sa/software-download/faq9c78.html]
[www.microsoft.com/ar-sa/software-download/faq3a2b.html]
[www.microsoft.com/ar-sa/software-download/faqf9f2.html]
[www.microsoft.com/ar-sa/software-download/faqa17a.html]
[www.microsoft.com/ar-sa/software-download/faq5617.html]
[www.microsoft.com/ar-sa/software-download/faq0729.html]
[www.microsoft.com/ar-sa/software-download/faq1a2d.html]
[www.microsoft.com/ar-sa/software-download/faq80f7.html]
[www.microsoft.com/ar-sa/software-download/faq.html]
[www.microsoft.com/ar-sa/software-download/faq6940.html]
[www.microsoft.com/ar-sa/software-download/windows10df35.html]
[www.microsoft.com/ar-sa/software-download/windows10e552.html]
[www.microsoft.com/ar-sa/software-download/windows1038b4.html]
[www.microsoft.com/ar-sa/software-download/windows103495.html]
[www.microsoft.com/ar-sa/software-download/windows10b0bc.html]
[www.microsoft.com/ar-sa/software-download/windows108f45.html]
[www.microsoft.com/ar-sa/software-download/windows10e6df.html]
[www.microsoft.com/ar-sa/software-download/windows10cefa.html]
[www.microsoft.com/ar-sa/software-download/windows1088f4.html]
[www.microsoft.com/ar-sa/software-download/windows1036bf.html]
[www.microsoft.com/ar-sa/software-download/windows102efb.html]
[www.microsoft.com/ar-sa/software-download/windows100bc5.html]
[www.microsoft.com/ar-sa/software-download/windows105e2e.html]
[www.microsoft.com/ar-sa/software-download/windows10157c.html]
[www.microsoft.com/ar-sa/software-download/windows108c3d.html]
[www.microsoft.com/ar-sa/software-download/windows1013f2.html]
[www.microsoft.com/ar-sa/software-download/windows10a8e5.html]
[www.microsoft.com/ar-sa/software-download/windows109732.html]
[www.microsoft.com/ar-sa/software-download/windows10d27f.html]
[www.microsoft.com/ar-sa/software-download/vlacademicwindows10.html]
[www.microsoft.com/ar-sa/software-download/windows10569a.html]
[www.microsoft.com/ar-sa/software-download/windows10db3c.html]
[www.microsoft.com/ar-sa/software-download/locale.html]
[www.microsoft.com/ar-sa/software-download/officedb3c.html]
[www.microsoft.com/ar-sa/software-download/windows7db3c.html]
[www.microsoft.com/ar-sa/software-download/faq7eaa.html]
[www.microsoft.com/ar-sa/software-download/faqf356.html]
[www.microsoft.com/ar-sa/software-download/faq4881.html]
[www.microsoft.com/ar-sa/software-download/faq14cf.html]
[www.microsoft.com/ar-sa/software-download/faq2b73.html]
[www.microsoft.com/ar-sa/software-download/vlacademic.html]
[www.microsoft.com/ar-sa/software-download/faq2ed4.html]
[www.microsoft.com/ar-sa/software-download/faq441b.html]
[www.microsoft.com/ar-sa/software-download/index.html]
[statics-marketingsites-eus-ms-com.akamaized.net/statics/override4abb.css]
[www.microsoft.com/ar-sa/software-download/faqf206.html]
[www.microsoft.com/ar-sa/software-download/faq7c12.html]
[www.microsoft.com/ar-sa/software-download/faqf5df.html]
[www.microsoft.com/ar-sa/software-download/faq84b8.html]
[www.microsoft.com/ar-sa/software-download/faq4c47.html]
[www.microsoft.com/ar-sa/software-download/faq3572.html]
[www.microsoft.com/ar-sa/software-download/windows10ISOf7ac.html]
[www.microsoft.com/ar-sa/software-download/windows10ISO281b.html]
[www.microsoft.com/ar-sa/software-download/windows10ISO.html]
[www.microsoft.com/ar-sa/software-download/windows10ISOdb3c.html]
[www.microsoft.com/ar-sa/software-download/windows8ISO281b.html]
[www.microsoft.com/ar-sa/software-download/windows8ISO.html]
[www.microsoft.com/ar-sa/software-download/windows8ISOdb3c.html]
[www.microsoft.com/ar-sa/software-download/faqb66b.html]
[www.microsoft.com/ar-sa/software-download/faqcfba.html]
[www.microsoft.com/ar-sa/software-download/faq17a8.html]
[www.microsoft.com/ar-sa/software-download/faq230f.html]
[www.microsoft.com/ar-sa/software-download/faq30a6.html]
[www.microsoft.com/ar-sa/software-download/faqcca2.html]
[www.microsoft.com/ar-sa/software-download/faq9c78.html]
[www.microsoft.com/ar-sa/software-download/faq3a2b.html]
[www.microsoft.com/ar-sa/software-download/faqf9f2.html]
[www.microsoft.com/ar-sa/software-download/faqa17a.html]
[www.microsoft.com/ar-sa/software-download/faq5617.html]
[www.microsoft.com/ar-sa/software-download/faq0729.html]
[www.microsoft.com/ar-sa/software-download/faq1a2d.html]
[www.microsoft.com/ar-sa/software-download/faq80f7.html]
[www.microsoft.com/ar-sa/software-download/faq6940.html]
[www.microsoft.com/ar-sa/software-download/windows1094f1.html]
[www.microsoft.com/ar-sa/software-download/windows10b9ab.html]
[www.microsoft.com/ar-sa/software-download/windows101251.html]
[www.microsoft.com/ar-sa/software-download/windows10df35.html]
[www.microsoft.com/ar-sa/software-download/windows10b695.html]
[www.microsoft.com/ar-sa/software-download/windows10ac9b.html]
[www.microsoft.com/ar-sa/software-download/windows10f1f0.html]
[www.microsoft.com/ar-sa/software-download/windows10e552.html]
[www.microsoft.com/ar-sa/software-download/windows10f877.html]
[www.microsoft.com/ar-sa/software-download/windows10b101.html]
[www.microsoft.com/ar-sa/software-download/windows1038b4.html]
[www.microsoft.com/ar-sa/software-download/windows10d153.html]
[www.microsoft.com/ar-sa/software-download/windows103495.html]
[www.microsoft.com/ar-sa/software-download/windows10719d.html]
[www.microsoft.com/ar-sa/software-download/windows108f45.html]
[www.microsoft.com/ar-sa/software-download/windows10a4ff.html]
[www.microsoft.com/ar-sa/software-download/windows103bbd.html]
[www.microsoft.com/ar-sa/software-download/windows10e6df.html]
[www.microsoft.com/ar-sa/software-download/windows108297.html]
[www.microsoft.com/ar-sa/software-download/windows102252.html]
[www.microsoft.com/ar-sa/software-download/windows10cefa.html]
[www.microsoft.com/ar-sa/software-download/windows101a26.html]
[www.microsoft.com/ar-sa/software-download/windows1088f4.html]
[www.microsoft.com/ar-sa/software-download/windows10eacd.html]
[www.microsoft.com/ar-sa/software-download/windows102efb.html]
[www.microsoft.com/ar-sa/software-download/windows10ff6b.html]
[www.microsoft.com/ar-sa/software-download/windows100bc5.html]
[www.microsoft.com/ar-sa/software-download/windows102d8d.html]
[www.microsoft.com/ar-sa/software-download/windows105e2e.html]
[www.microsoft.com/ar-sa/software-download/windows108c3d.html]
[www.microsoft.com/ar-sa/software-download/windows103ca3.html]
[www.microsoft.com/ar-sa/software-download/windows1013f2.html]
[www.microsoft.com/ar-sa/software-download/windows109732.html]
[www.microsoft.com/ar-sa/software-download/windows10569a.html]
[www.microsoft.com/ar-sa/software-download/windows108122.html]
[www.microsoft.com/ar-sa/software-download/index.html]
[statics-marketingsites-eus-ms-com.akamaized.net/statics/override4abb.css]
[www.microsoft.com/ar-sa/software-download/windows10ISO9592.html]
[www.microsoft.com/ar-sa/software-download/windows10ISOf7ac.html]
[www.microsoft.com/ar-sa/software-download/windows10ISOe60e.html]
[www.microsoft.com/ar-sa/software-download/windows10ISO281b.html]
[www.microsoft.com/ar-sa/software-download/windows10ISO460c.html]
[www.microsoft.com/ar-sa/software-download/windows10ISOdb3c.html]
[www.microsoft.com/ar-sa/software-download/windows8ISO281b.html]
[www.microsoft.com/ar-sa/software-download/windows8ISO460c.html]
[www.microsoft.com/ar-sa/software-download/windows8ISOdb3c.html]
[www.microsoft.com/ar-sa/software-download/windows10ce1a.html]
[www.microsoft.com/ar-sa/software-download/windows10d8d0.html]
[www.microsoft.com/ar-sa/software-download/windows1094f1.html]
[www.microsoft.com/ar-sa/software-download/windows103592.html]
[www.microsoft.com/ar-sa/software-download/windows10c85d.html]
[www.microsoft.com/ar-sa/software-download/windows102010.html]
[www.microsoft.com/ar-sa/software-download/windows10b9ab.html]
[www.microsoft.com/ar-sa/software-download/windows101251.html]
[www.microsoft.com/ar-sa/software-download/windows10814b.html]
[www.microsoft.com/ar-sa/software-download/windows10b695.html]
[www.microsoft.com/ar-sa/software-download/windows1023e7.html]
[www.microsoft.com/ar-sa/software-download/windows10ac9b.html]
[www.microsoft.com/ar-sa/software-download/windows10a42b.html]
[www.microsoft.com/ar-sa/software-download/windows10f1f0.html]
[www.microsoft.com/ar-sa/software-download/windows10657a.html]
[www.microsoft.com/ar-sa/software-download/windows10f877.html]
[www.microsoft.com/ar-sa/software-download/windows10b101.html]
[www.microsoft.com/ar-sa/software-download/windows10d153.html]
[www.microsoft.com/ar-sa/software-download/windows10719d.html]
[www.microsoft.com/ar-sa/software-download/windows108abe.html]
[www.microsoft.com/ar-sa/software-download/windows1003f0.html]
[www.microsoft.com/ar-sa/software-download/windows10a4ff.html]
[www.microsoft.com/ar-sa/software-download/windows105b52.html]
[www.microsoft.com/ar-sa/software-download/windows103bbd.html]
[www.microsoft.com/ar-sa/software-download/windows10917f.html]
[www.microsoft.com/ar-sa/software-download/windows108297.html]
[www.microsoft.com/ar-sa/software-download/windows102252.html]
[www.microsoft.com/ar-sa/software-download/windows101a26.html]
[www.microsoft.com/ar-sa/software-download/windows10eacd.html]
[www.microsoft.com/ar-sa/software-download/windows1088ec.html]
[www.microsoft.com/ar-sa/software-download/windows10ff6b.html]
[www.microsoft.com/ar-sa/software-download/windows102d8d.html]
[www.microsoft.com/ar-sa/software-download/windows100db4.html]
[www.microsoft.com/ar-sa/software-download/windows103ca3.html]
[www.microsoft.com/ar-sa/software-download/windows108122.html]
[www.microsoft.com/ar-sa/software-download/windows10ISO9592.html]
[www.microsoft.com/ar-sa/software-download/windows10ISOe60e.html]
[www.microsoft.com/ar-sa/software-download/windows10ISO460c.html]
[www.microsoft.com/ar-sa/software-download/windows8ISO460c.html]
[www.microsoft.com/ar-sa/software-download/windows10ISOa7ef.html]
[www.microsoft.com/ar-sa/software-download/windows10b655.html]
[www.microsoft.com/ar-sa/software-download/windows10ce1a.html]
[www.microsoft.com/ar-sa/software-download/windows1090ba.html]
[www.microsoft.com/ar-sa/software-download/windows10d8d0.html]
[www.microsoft.com/ar-sa/software-download/windows10b472.html]
[www.microsoft.com/ar-sa/software-download/windows103592.html]
[www.microsoft.com/ar-sa/software-download/windows10c85d.html]
[www.microsoft.com/ar-sa/software-download/windows10e6cc.html]
[www.microsoft.com/ar-sa/software-download/windows102010.html]
[www.microsoft.com/ar-sa/software-download/windows10814b.html]
[www.microsoft.com/ar-sa/software-download/windows1023e7.html]
[www.microsoft.com/ar-sa/software-download/windows109ada.html]
[www.microsoft.com/ar-sa/software-download/windows10a42b.html]
[www.microsoft.com/ar-sa/software-download/windows10657a.html]
[www.microsoft.com/ar-sa/software-download/windows108abe.html]
[www.microsoft.com/ar-sa/software-download/windows1003f0.html]
[www.microsoft.com/ar-sa/software-download/windows10453a.html]
[www.microsoft.com/ar-sa/software-download/windows105b52.html]
[www.microsoft.com/ar-sa/software-download/windows10917f.html]
[www.microsoft.com/ar-sa/software-download/windows1088ec.html]
[www.microsoft.com/ar-sa/software-download/windows100db4.html]
[www.microsoft.com/ar-sa/software-download/windows10ISOa7ef.html]
[www.microsoft.com/ar-sa/software-download/windows10b655.html]
[www.microsoft.com/ar-sa/software-download/windows100512.html]
[www.microsoft.com/ar-sa/software-download/windows1090ba.html]
[www.microsoft.com/ar-sa/software-download/windows10b472.html]
[www.microsoft.com/ar-sa/software-download/windows10e6cc.html]
[www.microsoft.com/ar-sa/software-download/windows109ada.html]
[www.microsoft.com/ar-sa/software-download/windows10453a.html]
[www.microsoft.com/ar-sa/software-download/windows100512.html]
